[2026-04-10 17:31:52] INFO: Запуск обновления (один раз)
[2026-04-10 17:31:52] ERROR: Ошибка JSON в memory.json: Expecting value: line 2 column 1 (char 1). Создаю бэкап.
[2026-04-10 17:31:52] INFO: Бэкап создан: memory.json.backup
[2026-04-10 17:31:52] INFO: [DRY-RUN] Был бы сохранён memory.json
[2026-04-10 17:31:52] INFO: Добавлено 15 новых строк в memory.json.
[2026-04-10 17:31:52] ERROR: Ошибка загрузки index.json: Expecting value: line 1 column 1 (char 0). Создаю новый.
[2026-04-10 17:31:52] INFO: [DRY-RUN] Был бы сохранён index.json
[2026-04-10 17:31:52] INFO: === ОТЧЁТ ОБНОВЛЕНИЯ === РЕЖИМ: DRY-RUN (никакие файлы не изменены) Добавлено строк в memory.json: 15 Добавлено записей в index.json: 4 =========================
[2026-04-10 17:31:52] INFO: Обновление завершено.
[2026-04-10 17:48:14] INFO: Запуск обновления (один раз)
[2026-04-10 17:48:14] ERROR: Ошибка JSON в memory.json: Expecting value: line 2 column 1 (char 1). Создаю бэкап.
[2026-04-10 17:48:14] INFO: Бэкап создан: memory.json.backup
[2026-04-10 17:48:14] INFO: [DRY-RUN] Был бы сохранён memory.json
[2026-04-10 17:48:14] INFO: Добавлено 15 новых строк в memory.json.
[2026-04-10 17:48:14] ERROR: Ошибка загрузки index.json: Expecting value: line 1 column 1 (char 0). Создаю новый.
[2026-04-10 17:48:14] INFO: [DRY-RUN] Был бы сохранён index.json
[2026-04-10 17:48:14] INFO: === ОТЧЁТ ОБНОВЛЕНИЯ === РЕЖИМ: DRY-RUN (никакие файлы не изменены) Добавлено строк в memory.json: 15 Добавлено записей в index.json: 4 =========================
[2026-04-10 17:48:14] INFO: Обновление завершено.
[2026-04-10 17:49:20] INFO: Запуск обновления (один раз)
[2026-04-10 17:49:20] ERROR: Ошибка JSON в memory.json: Expecting value: line 2 column 1 (char 1). Создаю бэкап.
[2026-04-10 17:49:20] INFO: Бэкап создан: memory.json.backup
[2026-04-10 17:49:20] INFO: [DRY-RUN] Был бы сохранён memory.json
[2026-04-10 17:49:20] INFO: Добавлено 15 новых строк в memory.json.
[2026-04-10 17:49:20] ERROR: Ошибка загрузки index.json: Expecting value: line 1 column 1 (char 0). Создаю новый.
[2026-04-10 17:49:20] INFO: [DRY-RUN] Был бы сохранён index.json
[2026-04-10 17:49:20] INFO: === ОТЧЁТ ОБНОВЛЕНИЯ === РЕЖИМ: DRY-RUN (никакие файлы не изменены) Добавлено строк в memory.json: 15 Добавлено записей в index.json: 4 =========================
[2026-04-10 17:49:20] INFO: Обновление завершено.
[2026-04-10 17:50:53] INFO: Запуск обновления (один раз)
[2026-04-10 17:50:53] ERROR: Ошибка JSON в memory.json: Expecting ',' delimiter: line 4 column 77 (char 93). Создаю бэкап.
[2026-04-10 17:50:53] INFO: Бэкап создан: memory.json.backup
[2026-04-10 17:50:53] INFO: [DRY-RUN] Был бы сохранён memory.json
[2026-04-10 17:50:53] INFO: Добавлено 15 новых строк в memory.json.
[2026-04-10 17:50:53] ERROR: Ошибка загрузки index.json: Expecting value: line 1 column 1 (char 0). Создаю новый.
[2026-04-10 17:50:53] INFO: [DRY-RUN] Был бы сохранён index.json
[2026-04-10 17:50:53] INFO: === ОТЧЁТ ОБНОВЛЕНИЯ === РЕЖИМ: DRY-RUN (никакие файлы не изменены) Добавлено строк в memory.json: 15 Добавлено записей в index.json: 4 =========================
[2026-04-10 17:50:53] INFO: Обновление завершено.
[2026-04-10 18:06:51] INFO: Запуск обновления (один раз)
[2026-04-10 18:06:51] INFO: [DRY-RUN] Был бы сохранён memory.json
[2026-04-10 18:06:51] INFO: Добавлено 15 новых строк в memory.json.
[2026-04-10 18:06:51] ERROR: Ошибка загрузки index.json: Expecting value: line 1 column 1 (char 0). Создаю новый.
[2026-04-10 18:06:51] INFO: [DRY-RUN] Был бы сохранён index.json
[2026-04-10 18:06:51] INFO: === ОТЧЁТ ОБНОВЛЕНИЯ === РЕЖИМ: DRY-RUN (никакие файлы не изменены) Добавлено строк в memory.json: 15 Добавлено записей в index.json: 4 =========================
[2026-04-10 18:06:51] INFO: Обновление завершено.
[2026-04-10 18:07:14] INFO: Запуск обновления (один раз)
[2026-04-10 18:07:14] INFO: [DRY-RUN] Был бы сохранён memory.json
[2026-04-10 18:07:14] INFO: Добавлено 15 новых строк в memory.json.
[2026-04-10 18:07:14] ERROR: Ошибка загрузки index.json: Expecting value: line 1 column 1 (char 0). Создаю новый.
[2026-04-10 18:07:14] INFO: [DRY-RUN] Был бы сохранён index.json
[2026-04-10 18:07:14] INFO: === ОТЧЁТ ОБНОВЛЕНИЯ === РЕЖИМ: DRY-RUN (никакие файлы не изменены) Добавлено строк в memory.json: 15 Добавлено записей в index.json: 4 =========================
[2026-04-10 18:07:14] INFO: Обновление завершено.
[2026-04-10 18:08:20] INFO: Запуск обновления (один раз)
[2026-04-10 18:08:20] INFO: Бэкап создан: memory.json.backup
[2026-04-10 18:08:20] INFO: memory.json сохранён успешно.
[2026-04-10 18:08:20] INFO: Добавлено 15 новых строк в memory.json.
[2026-04-10 18:08:20] ERROR: Ошибка загрузки index.json: Expecting value: line 1 column 1 (char 0). Создаю новый.
[2026-04-10 18:08:20] INFO: Бэкап создан: index.json.backup
[2026-04-10 18:08:20] INFO: index.json сохранён успешно.
[2026-04-10 18:08:20] INFO: === ОТЧЁТ ОБНОВЛЕНИЯ === Добавлено строк в memory.json: 15 Добавлено записей в index.json: 4 =========================
[2026-04-10 18:08:25] INFO: Пуш отменён пользователем.
[2026-04-10 18:08:25] INFO: Обновление завершено.
[2026-04-10 18:19:08] INFO: Запуск обновления (один раз)
[2026-04-10 18:19:08] INFO: Новых строк для архивации нет.
[2026-04-10 18:19:08] INFO: === ОТЧЁТ ОБНОВЛЕНИЯ === Добавлено строк в memory.json: 0 Добавлено записей в index.json: 0 =========================
[2026-04-10 18:19:14] INFO: Пуш отменён пользователем.
[2026-04-10 18:19:14] INFO: Обновление завершено.
